string F1 = "FUNCTION1"
string F2 = "FUNCTION2"
string F3 = "FUNCTION3"
string F4 = "FUNCTION4"
string F5 = "FUNCTION5"
string F6 = "FUNCTION6"
string F7 = "FUNCTION7"
string F8 = "FUNCTION8"
string F9 = "FUNCTION9"
string F10 = "FUNCTION10"
string F11 = "FUNCTION11"
string F12 = "FUNCTION12"
string F13 = "FUNCTION13"
string F14 = "FUNCTION14"
string F15 = "FUNCTION15"
string F16 = "FUNCTION16"
string F17 = "FUNCTION17"
string F18 = "FUNCTION18"
string F19 = "FUNCTION19"
string F20 = "FUNCTION20"
string Find     = "FIND"
string Insert   = "INSERT"
string Remove   = "REMOVE"
string Select   = "SELECT"
string PageUp   = "PGUP"
string PageDown = "PGDOWN"
string Macro    = "MACRO"
string Help     = "HELP"
string Do       = "DO"
string Pause    = "PAUSE"
string F21 = "FUNCTION21"
string F22 = "FUNCTION22"
string F23 = "FUNCTION23"
string F24 = "FUNCTION24"
string F25 = "FUNCTION25"
string F26 = "FUNCTION26"
string F27 = "FUNCTION27"
string F28 = "FUNCTION28"
string F29 = "FUNCTION29"
string F30 = "FUNCTION30"
string F31 = "FUNCTION31"
string F32 = "FUNCTION32"
string F33 = "FUNCTION33"
string F34 = "FUNCTION34"
string F35 = "FUNCTION35"
string F36 = "FUNCTION36"
string F37 = "FUNCTION37"
string F38 = "FUNCTION38"
string F39 = "FUNCTION39"
string F40 = "FUNCTION40"
string F41 = "FUNCTION41"
string F42 = "FUNCTION42"
string F43 = "FUNCTION43"
string F44 = "FUNCTION44"
string F45 = "FUNCTION45"
string F46 = "FUNCTION46"
string F47 = "FUNCTION47"
string F48 = "FUNCTION48"
string F49 = "FUNCTION49"
string F50 = "FUNCTION50"
string F51 = "FUNCTION51"
string F52 = "FUNCTION52"
string F53 = "FUNCTION53"
string F54 = "FUNCTION54"
string F55 = "FUNCTION55"
string F56 = "FUNCTION56"
string F57 = "FUNCTION57"
string F58 = "FUNCTION58"
string F59 = "FUNCTION59"
string F60 = "FUNCTION60"
string F61 = "FUNCTION61"
string F62 = "FUNCTION62"
string F63 = "FUNCTION63"
string F64 = "FUNCTION64"
string F65 = "FUNCTION65"
string F66 = "FUNCTION66"
string F67 = "FUNCTION67"
string F68 = "FUNCTION68"
string F69 = "FUNCTION69"
string F70 = "FUNCTION70"
string F71 = "FUNCTION71"
string F72 = "FUNCTION72"
string F73 = "FUNCTION73"
string F74 = "FUNCTION74"
string F75 = "FUNCTION75"
string F76 = "FUNCTION76"
string F77 = "FUNCTION77"
string F78 = "FUNCTION78"
string F79 = "FUNCTION79"
string F80 = "FUNCTION80"
string F81 = "FUNCTION81"
string F82 = "FUNCTION82"
string F83 = "FUNCTION83"
string F84 = "FUNCTION84"
string F85 = "FUNCTION85"
string F86 = "FUNCTION86"
string F87 = "FUNCTION87"
string F88 = "FUNCTION88"
string F89 = "FUNCTION89"
string F90 = "FUNCTION90"
string F91 = "FUNCTION91"
string F92 = "FUNCTION92"
string F93 = "FUNCTION93"
string F94 = "FUNCTION94"
string F95 = "FUNCTION95"
string F96 = "FUNCTION96"
string F97 = "FUNCTION97"
string F98 = "FUNCTION98"
string F99 = "FUNCTION99"
string F100 = "FUNCTION100"
string F101 = "FUNCTION101"
string F102 = "FUNCTION102"
string F103 = "FUNCTION103"
string F104 = "FUNCTION104"
string F105 = "FUNCTION105"
string F106 = "FUNCTION106"
string F107 = "FUNCTION107"
string F108 = "FUNCTION108"
string F109 = "FUNCTION109"
string F110 = "FUNCTION110"
string F111 = "FUNCTION111"
string F112 = "FUNCTION112"
string F113 = "FUNCTION113"
string F114 = "FUNCTION114"
string F115 = "FUNCTION115"
string F116 = "FUNCTION116"
string F117 = "FUNCTION117"
string F118 = "FUNCTION118"
string F119 = "FUNCTION119"
string F120 = "FUNCTION120"
string F121 = "FUNCTION121"
string F122 = "FUNCTION122"
string F123 = "FUNCTION123"
string F124 = "FUNCTION124"
string F125 = "FUNCTION125"
string F126 = "FUNCTION126"
string F127 = "FUNCTION127"
string F128 = "FUNCTION128"
string F129 = "FUNCTION129"
string F130 = "FUNCTION130"
string F131 = "FUNCTION131"
string F132 = "FUNCTION132"
string F133 = "FUNCTION133"
string F134 = "FUNCTION134"
string F135 = "FUNCTION135"
string F136 = "FUNCTION136"
string F137 = "FUNCTION137"
string F138 = "FUNCTION138"
string F139 = "FUNCTION139"
string F140 = "FUNCTION140"
string F141 = "FUNCTION141"
string F142 = "FUNCTION142"
string F143 = "FUNCTION143"
string F144 = "FUNCTION144"
string F145 = "FUNCTION145"
string F146 = "FUNCTION146"
string F147 = "FUNCTION147"
string F148 = "FUNCTION148"
string F149 = "FUNCTION149"
string F150 = "FUNCTION150"
string F151 = "FUNCTION151"
string F152 = "FUNCTION152"
string F153 = "FUNCTION153"
string F154 = "FUNCTION154"
string F155 = "FUNCTION155"
string F156 = "FUNCTION156"
string F157 = "FUNCTION157"
string F158 = "FUNCTION158"
string F159 = "FUNCTION159"
string F160 = "FUNCTION160"
string F161 = "FUNCTION161"
string F162 = "FUNCTION162"
string F163 = "FUNCTION163"
string F164 = "FUNCTION164"
string F165 = "FUNCTION165"
string F166 = "FUNCTION166"
string F167 = "FUNCTION167"
string F168 = "FUNCTION168"
string F169 = "FUNCTION169"
string F170 = "FUNCTION170"
string F171 = "FUNCTION171"
string F172 = "FUNCTION172"
string F173 = "FUNCTION173"
string F174 = "FUNCTION174"
string F175 = "FUNCTION175"
string F176 = "FUNCTION176"
string F177 = "FUNCTION177"
string F178 = "FUNCTION178"
string F179 = "FUNCTION179"
string F180 = "FUNCTION180"
string F181 = "FUNCTION181"
string F182 = "FUNCTION182"
string F183 = "FUNCTION183"
string F184 = "FUNCTION184"
string F185 = "FUNCTION185"
string F186 = "FUNCTION186"
string F187 = "FUNCTION187"
string F188 = "FUNCTION188"
string F189 = "FUNCTION189"
string F190 = "FUNCTION190"
string F191 = "FUNCTION191"
string F192 = "FUNCTION192"
string F193 = "FUNCTION193"
string F194 = "FUNCTION194"
string F195 = "FUNCTION195"
string F196 = "FUNCTION196"
string F197 = "FUNCTION197"
string F198 = "FUNCTION198"
string F199 = "FUNCTION199"
string F200 = "FUNCTION200"
string F201 = "FUNCTION201"
string F202 = "FUNCTION202"
string F203 = "FUNCTION203"
string F204 = "FUNCTION204"
string F205 = "FUNCTION205"
string F206 = "FUNCTION206"
string F207 = "FUNCTION207"
string F208 = "FUNCTION208"
string F209 = "FUNCTION209"
string F210 = "FUNCTION210"
string F211 = "FUNCTION211"
string F212 = "FUNCTION212"
string F213 = "FUNCTION213"
string F214 = "FUNCTION214"
string F215 = "FUNCTION215"
string F216 = "FUNCTION216"
string F217 = "FUNCTION217"
string F218 = "FUNCTION218"
string F219 = "FUNCTION219"
string F220 = "FUNCTION220"
string F221 = "FUNCTION221"
string F222 = "FUNCTION222"
string F223 = "FUNCTION223"
string F224 = "FUNCTION224"
string F225 = "FUNCTION225"
string F226 = "FUNCTION226"
string F227 = "FUNCTION227"
string F228 = "FUNCTION228"
string F229 = "FUNCTION229"
string F230 = "FUNCTION230"
string F231 = "FUNCTION231"
string F232 = "FUNCTION232"
string F233 = "FUNCTION233"
string F234 = "FUNCTION234"
string F235 = "FUNCTION235"
string F236 = "FUNCTION236"
string F237 = "FUNCTION237"
string F238 = "FUNCTION238"
string F239 = "FUNCTION239"
string F240 = "FUNCTION240"
string F241 = "FUNCTION241"
string F242 = "FUNCTION242"
string F243 = "FUNCTION243"
string F244 = "FUNCTION244"
string F245 = "FUNCTION245"
string F246 = "FUNCTION246"
