# mac-es.map  olh@suse.de

include "mac-qwerty-layout.inc"
include "mac-linux-keys-bare.inc"
strings as usual
compose as usual for "iso-8859-1"



keycode  50 = bracketleft	bracketright	braceleft	braceright
keycode  18 = one		exclamdown
keycode  19 = two		exclam
keycode  20 = three		numbersign      sterling
keycode  21 = four             dollar           dollar           Control_backslash
keycode  23 = five             percent         
keycode  22 = six              slash
keycode  26 = seven            ampersand	bar
keycode  28 = eight            asterisk		degree
keycode  25 = nine             parenleft	sterling
keycode  29 = zero             parenright
keycode  27 = minus            underscore
keycode  24 = equal		plus

keycode  30 = apostrophe	degree
keycode  33 = grave		diaeresis	bar
keycode  41 = ntilde		Ntilde		asciitilde
keycode  39 = semicolon		colon		
keycode  42 = apostrophe       quotedbl
keycode  10 = less		greater 	bracketleft	braceleft
keycode  43 = comma            questiondown
keycode  47 = period	       question
keycode  44 = ccedilla		Ccedilla
keycode  65 = KP_Comma
