keymaps 0-2,4,6,8,12
alt_is_meta
include "linux-with-alt-and-altgr.inc"
strings as usual

keycode   1 = Escape           Escape          
keycode   2 = one              exclam          
keycode   3 = two              at               at              
	control keycode   3 = nul             
keycode   4 = three            numbersign      
	control keycode   4 = Escape          
keycode   5 = four             dollar           dollar          
	control keycode   5 = Control_backslash
keycode   6 = five             percent         
	control keycode   6 = Control_bracketright
keycode   7 = six              asciicircum     
	control keycode   7 = Control_asciicircum
keycode   8 = seven            ampersand        braceleft       
	control keycode   8 = Control_underscore
keycode   9 = eight            asterisk         bracketleft     
	control keycode   9 = Delete          
keycode  10 = nine             parenleft        bracketright    
keycode  11 = zero             parenright       braceright      
keycode  12 = bracketleft      braceleft       
	control keycode  12 = Escape          
keycode  13 = bracketright     braceright       asciitilde      
	control keycode  13 = Control_bracketright
keycode  14 = Delete           Delete          
keycode  15 = Tab              Tab             
keycode  16 = apostrophe       quotedbl        
	control keycode  16 = Control_g       
keycode  17 = comma            less            
keycode  18 = period           greater         
keycode  19 = p               
keycode  20 = y               
keycode  21 = f               
keycode  22 = g               
keycode  23 = c               
keycode  24 = r               
keycode  25 = l               
keycode  26 = slash            question        
	control keycode  26 = Delete          
keycode  27 = equal            plus            
keycode  28 = Return          
        alt     keycode  28 = Meta_Control_m
keycode  29 = Control         
keycode  30 = a               
keycode  31 = o               
keycode  32 = e               
keycode  33 = u               
keycode  34 = i               
keycode  35 = d               
keycode  36 = h               
keycode  37 = t               
keycode  38 = n               
keycode  39 = s               
keycode  40 = minus            underscore       backslash       
	control keycode  40 = Control_underscore
keycode  41 = grave            asciitilde      
	control keycode  41 = nul             
keycode  42 = Shift           
keycode  43 = backslash        bar             
	control keycode  43 = Control_backslash
keycode  44 = semicolon        colon           
keycode  45 = q               
keycode  46 = j               
keycode  47 = k               
keycode  48 = x               
keycode  49 = b               
keycode  50 = m               
keycode  51 = w               
keycode  52 = v               
keycode  53 = z               
keycode  54 = Shift           
keycode  56 = Alt             
keycode  57 = space            space           
	control keycode  57 = nul             
keycode  58 = Caps_Lock       
keycode  86 = less             greater          bar             
	alt     keycode  86 = Meta_less       
keycode  97 = Control         
