keymaps 0-4
plain	keycode   1 = +Escape         
	shift	keycode   1 = VoidSymbol      
	altgr	keycode   1 = VoidSymbol      
	shift	altgr	keycode   1 = VoidSymbol      
	control	keycode   1 = VoidSymbol      
	shift	control	keycode   1 = VoidSymbol      
	altgr	control	keycode   1 = VoidSymbol      
	shift	altgr	control	keycode   1 = VoidSymbol      
	alt	keycode   1 = VoidSymbol      
	shift	alt	keycode   1 = VoidSymbol      
	altgr	alt	keycode   1 = VoidSymbol      
	shift	altgr	alt	keycode   1 = VoidSymbol      
	control	alt	keycode   1 = VoidSymbol      

plain	keycode   2 = +quotedbl       
	shift	keycode   2 = +one            
	altgr	keycode   2 = emdash          
	shift	altgr	keycode   2 = quotedblbase    
	control	keycode   2 = VoidSymbol      
	shift	control	keycode   2 = VoidSymbol      
	altgr	control	keycode   2 = VoidSymbol      
	shift	altgr	control	keycode   2 = VoidSymbol      
	alt	keycode   2 = VoidSymbol      
	shift	alt	keycode   2 = VoidSymbol      
	altgr	alt	keycode   2 = VoidSymbol      
	shift	altgr	alt	keycode   2 = VoidSymbol      
	control	alt	keycode   2 = VoidSymbol      

plain	keycode   3 = +guillemotleft  
	shift	keycode   3 = +two            
	altgr	keycode   3 = less            
	shift	altgr	keycode   3 = left_double_quotation_mark
	control	keycode   3 = VoidSymbol      
	shift	control	keycode   3 = VoidSymbol      
	altgr	control	keycode   3 = VoidSymbol      
	shift	altgr	control	keycode   3 = VoidSymbol      
	alt	keycode   3 = VoidSymbol      
	shift	alt	keycode   3 = VoidSymbol      
	altgr	alt	keycode   3 = VoidSymbol      
	shift	altgr	alt	keycode   3 = VoidSymbol      
	control	alt	keycode   3 = VoidSymbol      

plain	keycode   4 = +guillemotright 
	shift	keycode   4 = +three          
	altgr	keycode   4 = greater         
	shift	altgr	keycode   4 = right_double_quotation_mark
	control	keycode   4 = VoidSymbol      
	shift	control	keycode   4 = VoidSymbol      
	altgr	control	keycode   4 = VoidSymbol      
	shift	altgr	control	keycode   4 = VoidSymbol      
	alt	keycode   4 = VoidSymbol      
	shift	alt	keycode   4 = VoidSymbol      
	altgr	alt	keycode   4 = VoidSymbol      
	shift	altgr	alt	keycode   4 = VoidSymbol      
	control	alt	keycode   4 = VoidSymbol      

plain	keycode   5 = +parenleft      
	shift	keycode   5 = +four           
	altgr	keycode   5 = bracketleft     
	shift	altgr	keycode   5 = less_than_or_equal_to
	control	keycode   5 = VoidSymbol      
	shift	control	keycode   5 = VoidSymbol      
	altgr	control	keycode   5 = VoidSymbol      
	shift	altgr	control	keycode   5 = VoidSymbol      
	alt	keycode   5 = VoidSymbol      
	shift	alt	keycode   5 = VoidSymbol      
	altgr	alt	keycode   5 = VoidSymbol      
	shift	altgr	alt	keycode   5 = VoidSymbol      
	control	alt	keycode   5 = VoidSymbol      

plain	keycode   6 = +parenright     
	shift	keycode   6 = +five           
	altgr	keycode   6 = bracketright    
	shift	altgr	keycode   6 = greater_than_or_equal_to
	control	keycode   6 = VoidSymbol      
	shift	control	keycode   6 = VoidSymbol      
	altgr	control	keycode   6 = VoidSymbol      
	shift	altgr	control	keycode   6 = VoidSymbol      
	alt	keycode   6 = VoidSymbol      
	shift	alt	keycode   6 = VoidSymbol      
	altgr	alt	keycode   6 = VoidSymbol      
	shift	altgr	alt	keycode   6 = VoidSymbol      
	control	alt	keycode   6 = VoidSymbol      

plain	keycode   7 = +at             
	shift	keycode   7 = +six            
	altgr	keycode   7 = asciicircum     
	shift	altgr	keycode   7 = VoidSymbol      
	control	keycode   7 = VoidSymbol      
	shift	control	keycode   7 = VoidSymbol      
	altgr	control	keycode   7 = VoidSymbol      
	shift	altgr	control	keycode   7 = VoidSymbol      
	alt	keycode   7 = VoidSymbol      
	shift	alt	keycode   7 = VoidSymbol      
	altgr	alt	keycode   7 = VoidSymbol      
	shift	altgr	alt	keycode   7 = VoidSymbol      
	control	alt	keycode   7 = VoidSymbol      

plain	keycode   8 = +plus           
	shift	keycode   8 = +seven          
	altgr	keycode   8 = plusminus       
	shift	altgr	keycode   8 = +notsign        
	control	keycode   8 = VoidSymbol      
	shift	control	keycode   8 = VoidSymbol      
	altgr	control	keycode   8 = VoidSymbol      
	shift	altgr	control	keycode   8 = VoidSymbol      
	alt	keycode   8 = VoidSymbol      
	shift	alt	keycode   8 = VoidSymbol      
	altgr	alt	keycode   8 = VoidSymbol      
	shift	altgr	alt	keycode   8 = VoidSymbol      
	control	alt	keycode   8 = VoidSymbol      

plain	keycode   9 = +minus          
	shift	keycode   9 = +eight          
	altgr	keycode   9 = U+2212          
	shift	altgr	keycode   9 = +onequarter     
	control	keycode   9 = VoidSymbol      
	shift	control	keycode   9 = VoidSymbol      
	altgr	control	keycode   9 = VoidSymbol      
	shift	altgr	control	keycode   9 = VoidSymbol      
	alt	keycode   9 = VoidSymbol      
	shift	alt	keycode   9 = VoidSymbol      
	altgr	alt	keycode   9 = VoidSymbol      
	shift	altgr	alt	keycode   9 = VoidSymbol      
	control	alt	keycode   9 = VoidSymbol      

plain	keycode  10 = +slash          
	shift	keycode  10 = +nine           
	altgr	keycode  10 = division        
	shift	altgr	keycode  10 = +onehalf        
	control	keycode  10 = VoidSymbol      
	shift	control	keycode  10 = VoidSymbol      
	altgr	control	keycode  10 = VoidSymbol      
	shift	altgr	control	keycode  10 = VoidSymbol      
	alt	keycode  10 = VoidSymbol      
	shift	alt	keycode  10 = VoidSymbol      
	altgr	alt	keycode  10 = VoidSymbol      
	shift	altgr	alt	keycode  10 = VoidSymbol      
	control	alt	keycode  10 = VoidSymbol      

plain	keycode  11 = +asterisk       
	shift	keycode  11 = +zero           
	altgr	keycode  11 = multiply        
	shift	altgr	keycode  11 = +threequarters  
	control	keycode  11 = VoidSymbol      
	shift	control	keycode  11 = VoidSymbol      
	altgr	control	keycode  11 = VoidSymbol      
	shift	altgr	control	keycode  11 = VoidSymbol      
	alt	keycode  11 = VoidSymbol      
	shift	alt	keycode  11 = VoidSymbol      
	altgr	alt	keycode  11 = VoidSymbol      
	shift	altgr	alt	keycode  11 = VoidSymbol      
	control	alt	keycode  11 = VoidSymbol      

plain	keycode  12 = +equal          
	shift	keycode  12 = +degree         
	altgr	keycode  12 = U+2260          
	shift	altgr	keycode  12 = U+2032          
	control	keycode  12 = VoidSymbol      
	shift	control	keycode  12 = VoidSymbol      
	altgr	control	keycode  12 = VoidSymbol      
	shift	altgr	control	keycode  12 = VoidSymbol      
	alt	keycode  12 = VoidSymbol      
	shift	alt	keycode  12 = VoidSymbol      
	altgr	alt	keycode  12 = VoidSymbol      
	shift	altgr	alt	keycode  12 = VoidSymbol      
	control	alt	keycode  12 = VoidSymbol      

plain	keycode  13 = +percent        
	shift	keycode  13 = +grave          
	altgr	keycode  13 = permille        
	shift	altgr	keycode  13 = U+2033          
	control	keycode  13 = VoidSymbol      
	shift	control	keycode  13 = VoidSymbol      
	altgr	control	keycode  13 = VoidSymbol      
	shift	altgr	control	keycode  13 = VoidSymbol      
	alt	keycode  13 = VoidSymbol      
	shift	alt	keycode  13 = VoidSymbol      
	altgr	alt	keycode  13 = VoidSymbol      
	shift	altgr	alt	keycode  13 = VoidSymbol      
	control	alt	keycode  13 = VoidSymbol      

plain	keycode  14 = +BackSpace      
	shift	keycode  14 = +BackSpace      
	altgr	keycode  14 = VoidSymbol      
	shift	altgr	keycode  14 = VoidSymbol      
	control	keycode  14 = VoidSymbol      
	shift	control	keycode  14 = VoidSymbol      
	altgr	control	keycode  14 = VoidSymbol      
	shift	altgr	control	keycode  14 = VoidSymbol      
	alt	keycode  14 = VoidSymbol      
	shift	alt	keycode  14 = VoidSymbol      
	altgr	alt	keycode  14 = VoidSymbol      
	shift	altgr	alt	keycode  14 = VoidSymbol      
	control	alt	keycode  14 = VoidSymbol      

plain	keycode  15 = +Tab            
	shift	keycode  15 = Meta_Tab        
	altgr	keycode  15 = VoidSymbol      
	shift	altgr	keycode  15 = VoidSymbol      
	control	keycode  15 = VoidSymbol      
	shift	control	keycode  15 = VoidSymbol      
	altgr	control	keycode  15 = VoidSymbol      
	shift	altgr	control	keycode  15 = VoidSymbol      
	alt	keycode  15 = VoidSymbol      
	shift	alt	keycode  15 = VoidSymbol      
	altgr	alt	keycode  15 = VoidSymbol      
	shift	altgr	alt	keycode  15 = VoidSymbol      
	control	alt	keycode  15 = VoidSymbol      

plain	keycode  16 = +b              
	shift	keycode  16 = +B              
	altgr	keycode  16 = bar             
	shift	altgr	keycode  16 = +brokenbar      
	control	keycode  16 = VoidSymbol      
	shift	control	keycode  16 = VoidSymbol      
	altgr	control	keycode  16 = VoidSymbol      
	shift	altgr	control	keycode  16 = VoidSymbol      
	alt	keycode  16 = VoidSymbol      
	shift	alt	keycode  16 = VoidSymbol      
	altgr	alt	keycode  16 = VoidSymbol      
	shift	altgr	alt	keycode  16 = VoidSymbol      
	control	alt	keycode  16 = VoidSymbol      

plain	keycode  17 = +eacute         
	shift	keycode  17 = +Eacute         
	altgr	keycode  17 = dead_acute      
	shift	altgr	keycode  17 = dead_tilde      
	control	keycode  17 = VoidSymbol      
	shift	control	keycode  17 = VoidSymbol      
	altgr	control	keycode  17 = VoidSymbol      
	shift	altgr	control	keycode  17 = VoidSymbol      
	alt	keycode  17 = VoidSymbol      
	shift	alt	keycode  17 = VoidSymbol      
	altgr	alt	keycode  17 = VoidSymbol      
	shift	altgr	alt	keycode  17 = VoidSymbol      
	control	alt	keycode  17 = VoidSymbol      

plain	keycode  18 = +p              
	shift	keycode  18 = +P              
	altgr	keycode  18 = ampersand       
	shift	altgr	keycode  18 = +section        
	control	keycode  18 = VoidSymbol      
	shift	control	keycode  18 = VoidSymbol      
	altgr	control	keycode  18 = VoidSymbol      
	shift	altgr	control	keycode  18 = VoidSymbol      
	alt	keycode  18 = VoidSymbol      
	shift	alt	keycode  18 = VoidSymbol      
	altgr	alt	keycode  18 = VoidSymbol      
	shift	altgr	alt	keycode  18 = VoidSymbol      
	control	alt	keycode  18 = VoidSymbol      

plain	keycode  19 = +o              
	shift	keycode  19 = +O              
	altgr	keycode  19 = oe              
	shift	altgr	keycode  19 = OE              
	control	keycode  19 = VoidSymbol      
	shift	control	keycode  19 = VoidSymbol      
	altgr	control	keycode  19 = VoidSymbol      
	shift	altgr	control	keycode  19 = VoidSymbol      
	alt	keycode  19 = VoidSymbol      
	shift	alt	keycode  19 = VoidSymbol      
	altgr	alt	keycode  19 = VoidSymbol      
	shift	altgr	alt	keycode  19 = VoidSymbol      
	control	alt	keycode  19 = VoidSymbol      

plain	keycode  20 = +egrave         
	shift	keycode  20 = +Egrave         
	altgr	keycode  20 = dead_grave      
	shift	altgr	keycode  20 = +grave          
	control	keycode  20 = VoidSymbol      
	shift	control	keycode  20 = VoidSymbol      
	altgr	control	keycode  20 = VoidSymbol      
	shift	altgr	control	keycode  20 = VoidSymbol      
	alt	keycode  20 = VoidSymbol      
	shift	alt	keycode  20 = VoidSymbol      
	altgr	alt	keycode  20 = VoidSymbol      
	shift	altgr	alt	keycode  20 = VoidSymbol      
	control	alt	keycode  20 = VoidSymbol      

plain	keycode  21 = dead_circumflex 
	shift	keycode  21 = +exclam         
	altgr	keycode  21 = exclamdown      
	shift	altgr	keycode  21 = VoidSymbol      
	control	keycode  21 = VoidSymbol      
	shift	control	keycode  21 = VoidSymbol      
	altgr	control	keycode  21 = VoidSymbol      
	shift	altgr	control	keycode  21 = VoidSymbol      
	alt	keycode  21 = VoidSymbol      
	shift	alt	keycode  21 = VoidSymbol      
	altgr	alt	keycode  21 = VoidSymbol      
	shift	altgr	alt	keycode  21 = VoidSymbol      
	control	alt	keycode  21 = VoidSymbol      

plain	keycode  22 = +v              
	shift	keycode  22 = +V              
	altgr	keycode  22 = dead_circumflex 
	shift	altgr	keycode  22 = VoidSymbol      
	control	keycode  22 = VoidSymbol      
	shift	control	keycode  22 = VoidSymbol      
	altgr	control	keycode  22 = VoidSymbol      
	shift	altgr	control	keycode  22 = VoidSymbol      
	alt	keycode  22 = VoidSymbol      
	shift	alt	keycode  22 = VoidSymbol      
	altgr	alt	keycode  22 = VoidSymbol      
	shift	altgr	alt	keycode  22 = VoidSymbol      
	control	alt	keycode  22 = VoidSymbol      

plain	keycode  23 = +d              
	shift	keycode  23 = +D              
	altgr	keycode  23 = eth             
	shift	altgr	keycode  23 = +ETH            
	control	keycode  23 = VoidSymbol      
	shift	control	keycode  23 = VoidSymbol      
	altgr	control	keycode  23 = VoidSymbol      
	shift	altgr	control	keycode  23 = VoidSymbol      
	alt	keycode  23 = VoidSymbol      
	shift	alt	keycode  23 = VoidSymbol      
	altgr	alt	keycode  23 = VoidSymbol      
	shift	altgr	alt	keycode  23 = VoidSymbol      
	control	alt	keycode  23 = VoidSymbol      

plain	keycode  24 = +l              
	shift	keycode  24 = +L              
	altgr	keycode  24 = dead_stroke     
	shift	altgr	keycode  24 = VoidSymbol      
	control	keycode  24 = VoidSymbol      
	shift	control	keycode  24 = VoidSymbol      
	altgr	control	keycode  24 = VoidSymbol      
	shift	altgr	control	keycode  24 = VoidSymbol      
	alt	keycode  24 = VoidSymbol      
	shift	alt	keycode  24 = VoidSymbol      
	altgr	alt	keycode  24 = VoidSymbol      
	shift	altgr	alt	keycode  24 = VoidSymbol      
	control	alt	keycode  24 = VoidSymbol      

plain	keycode  25 = +j              
	shift	keycode  25 = +J              
	altgr	keycode  25 = U+0133          
	shift	altgr	keycode  25 = U+0132          
	control	keycode  25 = VoidSymbol      
	shift	control	keycode  25 = VoidSymbol      
	altgr	control	keycode  25 = VoidSymbol      
	shift	altgr	control	keycode  25 = VoidSymbol      
	alt	keycode  25 = VoidSymbol      
	shift	alt	keycode  25 = VoidSymbol      
	altgr	alt	keycode  25 = VoidSymbol      
	shift	altgr	alt	keycode  25 = VoidSymbol      
	control	alt	keycode  25 = VoidSymbol      

plain	keycode  26 = +z              
	shift	keycode  26 = +Z              
	altgr	keycode  26 = U+0259          
	shift	altgr	keycode  26 = U+018f          
	control	keycode  26 = VoidSymbol      
	shift	control	keycode  26 = VoidSymbol      
	altgr	control	keycode  26 = VoidSymbol      
	shift	altgr	control	keycode  26 = VoidSymbol      
	alt	keycode  26 = VoidSymbol      
	shift	alt	keycode  26 = VoidSymbol      
	altgr	alt	keycode  26 = VoidSymbol      
	shift	altgr	alt	keycode  26 = VoidSymbol      
	control	alt	keycode  26 = VoidSymbol      

plain	keycode  27 = +w              
	shift	keycode  27 = +W              
	altgr	keycode  27 = dead_tilde      
	shift	altgr	keycode  27 = VoidSymbol      
	control	keycode  27 = VoidSymbol      
	shift	control	keycode  27 = VoidSymbol      
	altgr	control	keycode  27 = VoidSymbol      
	shift	altgr	control	keycode  27 = VoidSymbol      
	alt	keycode  27 = VoidSymbol      
	shift	alt	keycode  27 = VoidSymbol      
	altgr	alt	keycode  27 = VoidSymbol      
	shift	altgr	alt	keycode  27 = VoidSymbol      
	control	alt	keycode  27 = VoidSymbol      

plain	keycode  28 = Return          
	shift	keycode  28 = VoidSymbol      
	altgr	keycode  28 = VoidSymbol      
	shift	altgr	keycode  28 = VoidSymbol      
	control	keycode  28 = VoidSymbol      
	shift	control	keycode  28 = VoidSymbol      
	altgr	control	keycode  28 = VoidSymbol      
	shift	altgr	control	keycode  28 = VoidSymbol      
	alt	keycode  28 = VoidSymbol      
	shift	alt	keycode  28 = VoidSymbol      
	altgr	alt	keycode  28 = VoidSymbol      
	shift	altgr	alt	keycode  28 = VoidSymbol      
	control	alt	keycode  28 = VoidSymbol      

plain	keycode  29 = Control         
	shift	keycode  29 = VoidSymbol      
	altgr	keycode  29 = VoidSymbol      
	shift	altgr	keycode  29 = VoidSymbol      
	control	keycode  29 = VoidSymbol      
	shift	control	keycode  29 = VoidSymbol      
	altgr	control	keycode  29 = VoidSymbol      
	shift	altgr	control	keycode  29 = VoidSymbol      
	alt	keycode  29 = VoidSymbol      
	shift	alt	keycode  29 = VoidSymbol      
	altgr	alt	keycode  29 = VoidSymbol      
	shift	altgr	alt	keycode  29 = VoidSymbol      
	control	alt	keycode  29 = VoidSymbol      

plain	keycode  30 = +a              
	shift	keycode  30 = +A              
	altgr	keycode  30 = ae              
	shift	altgr	keycode  30 = +AE             
	control	keycode  30 = VoidSymbol      
	shift	control	keycode  30 = VoidSymbol      
	altgr	control	keycode  30 = VoidSymbol      
	shift	altgr	control	keycode  30 = VoidSymbol      
	alt	keycode  30 = VoidSymbol      
	shift	alt	keycode  30 = VoidSymbol      
	altgr	alt	keycode  30 = VoidSymbol      
	shift	altgr	alt	keycode  30 = VoidSymbol      
	control	alt	keycode  30 = VoidSymbol      

plain	keycode  31 = +u              
	shift	keycode  31 = +U              
	altgr	keycode  31 = ugrave          
	shift	altgr	keycode  31 = +Ugrave         
	control	keycode  31 = VoidSymbol      
	shift	control	keycode  31 = VoidSymbol      
	altgr	control	keycode  31 = VoidSymbol      
	shift	altgr	control	keycode  31 = VoidSymbol      
	alt	keycode  31 = VoidSymbol      
	shift	alt	keycode  31 = VoidSymbol      
	altgr	alt	keycode  31 = VoidSymbol      
	shift	altgr	alt	keycode  31 = VoidSymbol      
	control	alt	keycode  31 = VoidSymbol      

plain	keycode  32 = +i              
	shift	keycode  32 = +I              
	altgr	keycode  32 = dead_diaeresis  
	shift	altgr	keycode  32 = dead_abovedot   
	control	keycode  32 = VoidSymbol      
	shift	control	keycode  32 = VoidSymbol      
	altgr	control	keycode  32 = VoidSymbol      
	shift	altgr	control	keycode  32 = VoidSymbol      
	alt	keycode  32 = VoidSymbol      
	shift	alt	keycode  32 = VoidSymbol      
	altgr	alt	keycode  32 = VoidSymbol      
	shift	altgr	alt	keycode  32 = VoidSymbol      
	control	alt	keycode  32 = VoidSymbol      

plain	keycode  33 = +e              
	shift	keycode  33 = +E              
	altgr	keycode  33 = euro            
	shift	altgr	keycode  33 = dead_currency   
	control	keycode  33 = VoidSymbol      
	shift	control	keycode  33 = VoidSymbol      
	altgr	control	keycode  33 = VoidSymbol      
	shift	altgr	control	keycode  33 = VoidSymbol      
	alt	keycode  33 = VoidSymbol      
	shift	alt	keycode  33 = VoidSymbol      
	altgr	alt	keycode  33 = VoidSymbol      
	shift	altgr	alt	keycode  33 = VoidSymbol      
	control	alt	keycode  33 = VoidSymbol      

plain	keycode  34 = +comma          
	shift	keycode  34 = +semicolon      
	altgr	keycode  34 = rightquote      
	shift	altgr	keycode  34 = dead_horn       
	control	keycode  34 = VoidSymbol      
	shift	control	keycode  34 = VoidSymbol      
	altgr	control	keycode  34 = VoidSymbol      
	shift	altgr	control	keycode  34 = VoidSymbol      
	alt	keycode  34 = VoidSymbol      
	shift	alt	keycode  34 = VoidSymbol      
	altgr	alt	keycode  34 = VoidSymbol      
	shift	altgr	alt	keycode  34 = VoidSymbol      
	control	alt	keycode  34 = VoidSymbol      

plain	keycode  35 = +c              
	shift	keycode  35 = +C              
	altgr	keycode  35 = copyright       
	shift	altgr	keycode  35 = U+017f          
	control	keycode  35 = VoidSymbol      
	shift	control	keycode  35 = VoidSymbol      
	altgr	control	keycode  35 = VoidSymbol      
	shift	altgr	control	keycode  35 = VoidSymbol      
	alt	keycode  35 = VoidSymbol      
	shift	alt	keycode  35 = VoidSymbol      
	altgr	alt	keycode  35 = VoidSymbol      
	shift	altgr	alt	keycode  35 = VoidSymbol      
	control	alt	keycode  35 = VoidSymbol      

plain	keycode  36 = +t              
	shift	keycode  36 = +T              
	altgr	keycode  36 = thorn           
	shift	altgr	keycode  36 = +THORN          
	control	keycode  36 = VoidSymbol      
	shift	control	keycode  36 = VoidSymbol      
	altgr	control	keycode  36 = VoidSymbol      
	shift	altgr	control	keycode  36 = VoidSymbol      
	alt	keycode  36 = VoidSymbol      
	shift	alt	keycode  36 = VoidSymbol      
	altgr	alt	keycode  36 = VoidSymbol      
	shift	altgr	alt	keycode  36 = VoidSymbol      
	control	alt	keycode  36 = VoidSymbol      

plain	keycode  37 = +s              
	shift	keycode  37 = +S              
	altgr	keycode  37 = ssharp          
	shift	altgr	keycode  37 = U+1e9e          
	control	keycode  37 = VoidSymbol      
	shift	control	keycode  37 = VoidSymbol      
	altgr	control	keycode  37 = VoidSymbol      
	shift	altgr	control	keycode  37 = VoidSymbol      
	alt	keycode  37 = VoidSymbol      
	shift	alt	keycode  37 = VoidSymbol      
	altgr	alt	keycode  37 = VoidSymbol      
	shift	altgr	alt	keycode  37 = VoidSymbol      
	control	alt	keycode  37 = VoidSymbol      

plain	keycode  38 = +r              
	shift	keycode  38 = +R              
	altgr	keycode  38 = registered      
	shift	altgr	keycode  38 = trademark       
	control	keycode  38 = VoidSymbol      
	shift	control	keycode  38 = VoidSymbol      
	altgr	control	keycode  38 = VoidSymbol      
	shift	altgr	control	keycode  38 = VoidSymbol      
	alt	keycode  38 = VoidSymbol      
	shift	alt	keycode  38 = VoidSymbol      
	altgr	alt	keycode  38 = VoidSymbol      
	shift	altgr	alt	keycode  38 = VoidSymbol      
	control	alt	keycode  38 = VoidSymbol      

plain	keycode  39 = +n              
	shift	keycode  39 = +N              
	altgr	keycode  39 = dead_tilde      
	shift	altgr	keycode  39 = VoidSymbol      
	control	keycode  39 = VoidSymbol      
	shift	control	keycode  39 = VoidSymbol      
	altgr	control	keycode  39 = VoidSymbol      
	shift	altgr	control	keycode  39 = VoidSymbol      
	alt	keycode  39 = VoidSymbol      
	shift	alt	keycode  39 = VoidSymbol      
	altgr	alt	keycode  39 = VoidSymbol      
	shift	altgr	alt	keycode  39 = VoidSymbol      
	control	alt	keycode  39 = VoidSymbol      

plain	keycode  40 = +m              
	shift	keycode  40 = +M              
	altgr	keycode  40 = dead_macron     
	shift	altgr	keycode  40 = +masculine      
	control	keycode  40 = VoidSymbol      
	shift	control	keycode  40 = VoidSymbol      
	altgr	control	keycode  40 = VoidSymbol      
	shift	altgr	control	keycode  40 = VoidSymbol      
	alt	keycode  40 = VoidSymbol      
	shift	alt	keycode  40 = VoidSymbol      
	altgr	alt	keycode  40 = VoidSymbol      
	shift	altgr	alt	keycode  40 = VoidSymbol      
	control	alt	keycode  40 = VoidSymbol      

plain	keycode  41 = +dollar         
	shift	keycode  41 = +numbersign     
	altgr	keycode  41 = endash          
	shift	altgr	keycode  41 = +paragraph      
	control	keycode  41 = VoidSymbol      
	shift	control	keycode  41 = VoidSymbol      
	altgr	control	keycode  41 = VoidSymbol      
	shift	altgr	control	keycode  41 = VoidSymbol      
	alt	keycode  41 = VoidSymbol      
	shift	alt	keycode  41 = VoidSymbol      
	altgr	alt	keycode  41 = VoidSymbol      
	shift	altgr	alt	keycode  41 = VoidSymbol      
	control	alt	keycode  41 = VoidSymbol      

plain	keycode  42 = Shift           
	shift	keycode  42 = VoidSymbol      
	altgr	keycode  42 = VoidSymbol      
	shift	altgr	keycode  42 = VoidSymbol      
	control	keycode  42 = VoidSymbol      
	shift	control	keycode  42 = VoidSymbol      
	altgr	control	keycode  42 = VoidSymbol      
	shift	altgr	control	keycode  42 = VoidSymbol      
	alt	keycode  42 = VoidSymbol      
	shift	alt	keycode  42 = VoidSymbol      
	altgr	alt	keycode  42 = VoidSymbol      
	shift	altgr	alt	keycode  42 = VoidSymbol      
	control	alt	keycode  42 = VoidSymbol      

plain	keycode  43 = +ccedilla       
	shift	keycode  43 = +Ccedilla       
	altgr	keycode  43 = dead_cedilla    
	shift	altgr	keycode  43 = dead_belowcomma 
	control	keycode  43 = VoidSymbol      
	shift	control	keycode  43 = VoidSymbol      
	altgr	control	keycode  43 = VoidSymbol      
	shift	altgr	control	keycode  43 = VoidSymbol      
	alt	keycode  43 = VoidSymbol      
	shift	alt	keycode  43 = VoidSymbol      
	altgr	alt	keycode  43 = VoidSymbol      
	shift	altgr	alt	keycode  43 = VoidSymbol      
	control	alt	keycode  43 = VoidSymbol      

plain	keycode  44 = +agrave         
	shift	keycode  44 = +Agrave         
	altgr	keycode  44 = backslash       
	shift	altgr	keycode  44 = VoidSymbol      
	control	keycode  44 = VoidSymbol      
	shift	control	keycode  44 = VoidSymbol      
	altgr	control	keycode  44 = VoidSymbol      
	shift	altgr	control	keycode  44 = VoidSymbol      
	alt	keycode  44 = VoidSymbol      
	shift	alt	keycode  44 = VoidSymbol      
	altgr	alt	keycode  44 = VoidSymbol      
	shift	altgr	alt	keycode  44 = VoidSymbol      
	control	alt	keycode  44 = VoidSymbol      

plain	keycode  45 = +y              
	shift	keycode  45 = +Y              
	altgr	keycode  45 = braceleft       
	shift	altgr	keycode  45 = leftquote       
	control	keycode  45 = VoidSymbol      
	shift	control	keycode  45 = VoidSymbol      
	altgr	control	keycode  45 = VoidSymbol      
	shift	altgr	control	keycode  45 = VoidSymbol      
	alt	keycode  45 = VoidSymbol      
	shift	alt	keycode  45 = VoidSymbol      
	altgr	alt	keycode  45 = VoidSymbol      
	shift	altgr	alt	keycode  45 = VoidSymbol      
	control	alt	keycode  45 = VoidSymbol      

plain	keycode  46 = +x              
	shift	keycode  46 = +X              
	altgr	keycode  46 = braceright      
	shift	altgr	keycode  46 = rightquote      
	control	keycode  46 = VoidSymbol      
	shift	control	keycode  46 = VoidSymbol      
	altgr	control	keycode  46 = VoidSymbol      
	shift	altgr	control	keycode  46 = VoidSymbol      
	alt	keycode  46 = VoidSymbol      
	shift	alt	keycode  46 = VoidSymbol      
	altgr	alt	keycode  46 = VoidSymbol      
	shift	altgr	alt	keycode  46 = VoidSymbol      
	control	alt	keycode  46 = VoidSymbol      

plain	keycode  47 = +period         
	shift	keycode  47 = +colon          
	altgr	keycode  47 = ellipsis        
	shift	altgr	keycode  47 = +periodcentered 
	control	keycode  47 = VoidSymbol      
	shift	control	keycode  47 = VoidSymbol      
	altgr	control	keycode  47 = VoidSymbol      
	shift	altgr	control	keycode  47 = VoidSymbol      
	alt	keycode  47 = VoidSymbol      
	shift	alt	keycode  47 = VoidSymbol      
	altgr	alt	keycode  47 = VoidSymbol      
	shift	altgr	alt	keycode  47 = VoidSymbol      
	control	alt	keycode  47 = VoidSymbol      

plain	keycode  48 = +k              
	shift	keycode  48 = +K              
	altgr	keycode  48 = asciitilde      
	shift	altgr	keycode  48 = VoidSymbol      
	control	keycode  48 = VoidSymbol      
	shift	control	keycode  48 = VoidSymbol      
	altgr	control	keycode  48 = VoidSymbol      
	shift	altgr	control	keycode  48 = VoidSymbol      
	alt	keycode  48 = VoidSymbol      
	shift	alt	keycode  48 = VoidSymbol      
	altgr	alt	keycode  48 = VoidSymbol      
	shift	altgr	alt	keycode  48 = VoidSymbol      
	control	alt	keycode  48 = VoidSymbol      

plain	keycode  49 = +apostrophe     
	shift	keycode  49 = +question       
	altgr	keycode  49 = questiondown    
	shift	altgr	keycode  49 = dead_hook       
	control	keycode  49 = VoidSymbol      
	shift	control	keycode  49 = VoidSymbol      
	altgr	control	keycode  49 = VoidSymbol      
	shift	altgr	control	keycode  49 = VoidSymbol      
	alt	keycode  49 = VoidSymbol      
	shift	alt	keycode  49 = VoidSymbol      
	altgr	alt	keycode  49 = VoidSymbol      
	shift	altgr	alt	keycode  49 = VoidSymbol      
	control	alt	keycode  49 = VoidSymbol      

plain	keycode  50 = +q              
	shift	keycode  50 = +Q              
	altgr	keycode  50 = dead_abovering  
	shift	altgr	keycode  50 = dead_belowdot   
	control	keycode  50 = VoidSymbol      
	shift	control	keycode  50 = VoidSymbol      
	altgr	control	keycode  50 = VoidSymbol      
	shift	altgr	control	keycode  50 = VoidSymbol      
	alt	keycode  50 = VoidSymbol      
	shift	alt	keycode  50 = VoidSymbol      
	altgr	alt	keycode  50 = VoidSymbol      
	shift	altgr	alt	keycode  50 = VoidSymbol      
	control	alt	keycode  50 = VoidSymbol      

plain	keycode  51 = +g              
	shift	keycode  51 = +G              
	altgr	keycode  51 = dead_greek      
	shift	altgr	keycode  51 = VoidSymbol      
	control	keycode  51 = VoidSymbol      
	shift	control	keycode  51 = VoidSymbol      
	altgr	control	keycode  51 = VoidSymbol      
	shift	altgr	control	keycode  51 = VoidSymbol      
	alt	keycode  51 = VoidSymbol      
	shift	alt	keycode  51 = VoidSymbol      
	altgr	alt	keycode  51 = VoidSymbol      
	shift	altgr	alt	keycode  51 = VoidSymbol      
	control	alt	keycode  51 = VoidSymbol      

plain	keycode  52 = +h              
	shift	keycode  52 = +H              
	altgr	keycode  52 = dagger          
	shift	altgr	keycode  52 = doubledagger    
	control	keycode  52 = VoidSymbol      
	shift	control	keycode  52 = VoidSymbol      
	altgr	control	keycode  52 = VoidSymbol      
	shift	altgr	control	keycode  52 = VoidSymbol      
	alt	keycode  52 = VoidSymbol      
	shift	alt	keycode  52 = VoidSymbol      
	altgr	alt	keycode  52 = VoidSymbol      
	shift	altgr	alt	keycode  52 = VoidSymbol      
	control	alt	keycode  52 = VoidSymbol      

plain	keycode  53 = +f              
	shift	keycode  53 = +F              
	altgr	keycode  53 = dead_cedilla    
	shift	altgr	keycode  53 = +ordfeminine    
	control	keycode  53 = VoidSymbol      
	shift	control	keycode  53 = VoidSymbol      
	altgr	control	keycode  53 = VoidSymbol      
	shift	altgr	control	keycode  53 = VoidSymbol      
	alt	keycode  53 = VoidSymbol      
	shift	alt	keycode  53 = VoidSymbol      
	altgr	alt	keycode  53 = VoidSymbol      
	shift	altgr	alt	keycode  53 = VoidSymbol      
	control	alt	keycode  53 = VoidSymbol      

plain	keycode  54 = Shift           
	shift	keycode  54 = VoidSymbol      
	altgr	keycode  54 = VoidSymbol      
	shift	altgr	keycode  54 = VoidSymbol      
	control	keycode  54 = VoidSymbol      
	shift	control	keycode  54 = VoidSymbol      
	altgr	control	keycode  54 = VoidSymbol      
	shift	altgr	control	keycode  54 = VoidSymbol      
	alt	keycode  54 = VoidSymbol      
	shift	alt	keycode  54 = VoidSymbol      
	altgr	alt	keycode  54 = VoidSymbol      
	shift	altgr	alt	keycode  54 = VoidSymbol      
	control	alt	keycode  54 = VoidSymbol      

plain	keycode  55 = KP_Multiply     
	shift	keycode  55 = U+22c5          
	altgr	keycode  55 = multiply        
	shift	altgr	keycode  55 = VoidSymbol      
	control	keycode  55 = VoidSymbol      
	shift	control	keycode  55 = VoidSymbol      
	altgr	control	keycode  55 = VoidSymbol      
	shift	altgr	control	keycode  55 = VoidSymbol      
	alt	keycode  55 = VoidSymbol      
	shift	alt	keycode  55 = VoidSymbol      
	altgr	alt	keycode  55 = VoidSymbol      
	shift	altgr	alt	keycode  55 = VoidSymbol      
	control	alt	keycode  55 = VoidSymbol      

plain	keycode  56 = Alt             
	shift	keycode  56 = VoidSymbol      
	altgr	keycode  56 = VoidSymbol      
	shift	altgr	keycode  56 = VoidSymbol      
	control	keycode  56 = VoidSymbol      
	shift	control	keycode  56 = VoidSymbol      
	altgr	control	keycode  56 = VoidSymbol      
	shift	altgr	control	keycode  56 = VoidSymbol      
	alt	keycode  56 = VoidSymbol      
	shift	alt	keycode  56 = VoidSymbol      
	altgr	alt	keycode  56 = VoidSymbol      
	shift	altgr	alt	keycode  56 = VoidSymbol      
	control	alt	keycode  56 = VoidSymbol      

plain	keycode  57 = +space          
	shift	keycode  57 = +nobreakspace   
	altgr	keycode  57 = underscore      
	shift	altgr	keycode  57 = U+202f          
	control	keycode  57 = VoidSymbol      
	shift	control	keycode  57 = VoidSymbol      
	altgr	control	keycode  57 = VoidSymbol      
	shift	altgr	control	keycode  57 = VoidSymbol      
	alt	keycode  57 = VoidSymbol      
	shift	alt	keycode  57 = VoidSymbol      
	altgr	alt	keycode  57 = VoidSymbol      
	shift	altgr	alt	keycode  57 = VoidSymbol      
	control	alt	keycode  57 = VoidSymbol      

plain	keycode  58 = Caps_Lock       
	shift	keycode  58 = VoidSymbol      
	altgr	keycode  58 = VoidSymbol      
	shift	altgr	keycode  58 = VoidSymbol      
	control	keycode  58 = VoidSymbol      
	shift	control	keycode  58 = VoidSymbol      
	altgr	control	keycode  58 = VoidSymbol      
	shift	altgr	control	keycode  58 = VoidSymbol      
	alt	keycode  58 = VoidSymbol      
	shift	alt	keycode  58 = VoidSymbol      
	altgr	alt	keycode  58 = VoidSymbol      
	shift	altgr	alt	keycode  58 = VoidSymbol      
	control	alt	keycode  58 = VoidSymbol      

plain	keycode  59 = F1              
	shift	keycode  59 = F1              
	altgr	keycode  59 = F1              
	shift	altgr	keycode  59 = F1              
	control	keycode  59 = VoidSymbol      
	shift	control	keycode  59 = VoidSymbol      
	altgr	control	keycode  59 = VoidSymbol      
	shift	altgr	control	keycode  59 = VoidSymbol      
	alt	keycode  59 = VoidSymbol      
	shift	alt	keycode  59 = VoidSymbol      
	altgr	alt	keycode  59 = VoidSymbol      
	shift	altgr	alt	keycode  59 = VoidSymbol      
	control	alt	keycode  59 = Console_1       

plain	keycode  60 = F2              
	shift	keycode  60 = F2              
	altgr	keycode  60 = F2              
	shift	altgr	keycode  60 = F2              
	control	keycode  60 = VoidSymbol      
	shift	control	keycode  60 = VoidSymbol      
	altgr	control	keycode  60 = VoidSymbol      
	shift	altgr	control	keycode  60 = VoidSymbol      
	alt	keycode  60 = VoidSymbol      
	shift	alt	keycode  60 = VoidSymbol      
	altgr	alt	keycode  60 = VoidSymbol      
	shift	altgr	alt	keycode  60 = VoidSymbol      
	control	alt	keycode  60 = Console_2       

plain	keycode  61 = F3              
	shift	keycode  61 = F3              
	altgr	keycode  61 = F3              
	shift	altgr	keycode  61 = F3              
	control	keycode  61 = VoidSymbol      
	shift	control	keycode  61 = VoidSymbol      
	altgr	control	keycode  61 = VoidSymbol      
	shift	altgr	control	keycode  61 = VoidSymbol      
	alt	keycode  61 = VoidSymbol      
	shift	alt	keycode  61 = VoidSymbol      
	altgr	alt	keycode  61 = VoidSymbol      
	shift	altgr	alt	keycode  61 = VoidSymbol      
	control	alt	keycode  61 = Console_3       

plain	keycode  62 = F4              
	shift	keycode  62 = F4              
	altgr	keycode  62 = F4              
	shift	altgr	keycode  62 = F4              
	control	keycode  62 = VoidSymbol      
	shift	control	keycode  62 = VoidSymbol      
	altgr	control	keycode  62 = VoidSymbol      
	shift	altgr	control	keycode  62 = VoidSymbol      
	alt	keycode  62 = VoidSymbol      
	shift	alt	keycode  62 = VoidSymbol      
	altgr	alt	keycode  62 = VoidSymbol      
	shift	altgr	alt	keycode  62 = VoidSymbol      
	control	alt	keycode  62 = Console_4       

plain	keycode  63 = F5              
	shift	keycode  63 = F5              
	altgr	keycode  63 = F5              
	shift	altgr	keycode  63 = F5              
	control	keycode  63 = VoidSymbol      
	shift	control	keycode  63 = VoidSymbol      
	altgr	control	keycode  63 = VoidSymbol      
	shift	altgr	control	keycode  63 = VoidSymbol      
	alt	keycode  63 = VoidSymbol      
	shift	alt	keycode  63 = VoidSymbol      
	altgr	alt	keycode  63 = VoidSymbol      
	shift	altgr	alt	keycode  63 = VoidSymbol      
	control	alt	keycode  63 = Console_5       

plain	keycode  64 = F6              
	shift	keycode  64 = F6              
	altgr	keycode  64 = F6              
	shift	altgr	keycode  64 = F6              
	control	keycode  64 = VoidSymbol      
	shift	control	keycode  64 = VoidSymbol      
	altgr	control	keycode  64 = VoidSymbol      
	shift	altgr	control	keycode  64 = VoidSymbol      
	alt	keycode  64 = VoidSymbol      
	shift	alt	keycode  64 = VoidSymbol      
	altgr	alt	keycode  64 = VoidSymbol      
	shift	altgr	alt	keycode  64 = VoidSymbol      
	control	alt	keycode  64 = Console_6       

plain	keycode  65 = F7              
	shift	keycode  65 = F7              
	altgr	keycode  65 = F7              
	shift	altgr	keycode  65 = F7              
	control	keycode  65 = VoidSymbol      
	shift	control	keycode  65 = VoidSymbol      
	altgr	control	keycode  65 = VoidSymbol      
	shift	altgr	control	keycode  65 = VoidSymbol      
	alt	keycode  65 = VoidSymbol      
	shift	alt	keycode  65 = VoidSymbol      
	altgr	alt	keycode  65 = VoidSymbol      
	shift	altgr	alt	keycode  65 = VoidSymbol      
	control	alt	keycode  65 = Console_7       

plain	keycode  66 = F8              
	shift	keycode  66 = F8              
	altgr	keycode  66 = F8              
	shift	altgr	keycode  66 = F8              
	control	keycode  66 = VoidSymbol      
	shift	control	keycode  66 = VoidSymbol      
	altgr	control	keycode  66 = VoidSymbol      
	shift	altgr	control	keycode  66 = VoidSymbol      
	alt	keycode  66 = VoidSymbol      
	shift	alt	keycode  66 = VoidSymbol      
	altgr	alt	keycode  66 = VoidSymbol      
	shift	altgr	alt	keycode  66 = VoidSymbol      
	control	alt	keycode  66 = Console_8       

plain	keycode  67 = F9              
	shift	keycode  67 = F9              
	altgr	keycode  67 = F9              
	shift	altgr	keycode  67 = F9              
	control	keycode  67 = VoidSymbol      
	shift	control	keycode  67 = VoidSymbol      
	altgr	control	keycode  67 = VoidSymbol      
	shift	altgr	control	keycode  67 = VoidSymbol      
	alt	keycode  67 = VoidSymbol      
	shift	alt	keycode  67 = VoidSymbol      
	altgr	alt	keycode  67 = VoidSymbol      
	shift	altgr	alt	keycode  67 = VoidSymbol      
	control	alt	keycode  67 = Console_9       

plain	keycode  68 = F10             
	shift	keycode  68 = F10             
	altgr	keycode  68 = F10             
	shift	altgr	keycode  68 = F10             
	control	keycode  68 = VoidSymbol      
	shift	control	keycode  68 = VoidSymbol      
	altgr	control	keycode  68 = VoidSymbol      
	shift	altgr	control	keycode  68 = VoidSymbol      
	alt	keycode  68 = VoidSymbol      
	shift	alt	keycode  68 = VoidSymbol      
	altgr	alt	keycode  68 = VoidSymbol      
	shift	altgr	alt	keycode  68 = VoidSymbol      
	control	alt	keycode  68 = Console_10      

plain	keycode  69 = Num_Lock        
	shift	keycode  69 = VoidSymbol      
	altgr	keycode  69 = VoidSymbol      
	shift	altgr	keycode  69 = VoidSymbol      
	control	keycode  69 = VoidSymbol      
	shift	control	keycode  69 = VoidSymbol      
	altgr	control	keycode  69 = VoidSymbol      
	shift	altgr	control	keycode  69 = VoidSymbol      
	alt	keycode  69 = VoidSymbol      
	shift	alt	keycode  69 = VoidSymbol      
	altgr	alt	keycode  69 = VoidSymbol      
	shift	altgr	alt	keycode  69 = VoidSymbol      
	control	alt	keycode  69 = VoidSymbol      

plain	keycode  70 = Scroll_Lock     
	shift	keycode  70 = VoidSymbol      
	altgr	keycode  70 = VoidSymbol      
	shift	altgr	keycode  70 = VoidSymbol      
	control	keycode  70 = VoidSymbol      
	shift	control	keycode  70 = VoidSymbol      
	altgr	control	keycode  70 = VoidSymbol      
	shift	altgr	control	keycode  70 = VoidSymbol      
	alt	keycode  70 = VoidSymbol      
	shift	alt	keycode  70 = VoidSymbol      
	altgr	alt	keycode  70 = VoidSymbol      
	shift	altgr	alt	keycode  70 = VoidSymbol      
	control	alt	keycode  70 = VoidSymbol      

plain	keycode  71 = KP_7            
	shift	keycode  71 = KP_7            
	altgr	keycode  71 = U+2196          
	shift	altgr	keycode  71 = U+21d6          
	control	keycode  71 = VoidSymbol      
	shift	control	keycode  71 = VoidSymbol      
	altgr	control	keycode  71 = VoidSymbol      
	shift	altgr	control	keycode  71 = VoidSymbol      
	alt	keycode  71 = VoidSymbol      
	shift	alt	keycode  71 = VoidSymbol      
	altgr	alt	keycode  71 = VoidSymbol      
	shift	altgr	alt	keycode  71 = VoidSymbol      
	control	alt	keycode  71 = VoidSymbol      

plain	keycode  72 = KP_8            
	shift	keycode  72 = KP_8            
	altgr	keycode  72 = U+2191          
	shift	altgr	keycode  72 = U+21d1          
	control	keycode  72 = VoidSymbol      
	shift	control	keycode  72 = VoidSymbol      
	altgr	control	keycode  72 = VoidSymbol      
	shift	altgr	control	keycode  72 = VoidSymbol      
	alt	keycode  72 = VoidSymbol      
	shift	alt	keycode  72 = VoidSymbol      
	altgr	alt	keycode  72 = VoidSymbol      
	shift	altgr	alt	keycode  72 = VoidSymbol      
	control	alt	keycode  72 = VoidSymbol      

plain	keycode  73 = KP_9            
	shift	keycode  73 = KP_9            
	altgr	keycode  73 = U+2197          
	shift	altgr	keycode  73 = U+21d7          
	control	keycode  73 = VoidSymbol      
	shift	control	keycode  73 = VoidSymbol      
	altgr	control	keycode  73 = VoidSymbol      
	shift	altgr	control	keycode  73 = VoidSymbol      
	alt	keycode  73 = VoidSymbol      
	shift	alt	keycode  73 = VoidSymbol      
	altgr	alt	keycode  73 = VoidSymbol      
	shift	altgr	alt	keycode  73 = VoidSymbol      
	control	alt	keycode  73 = VoidSymbol      

plain	keycode  74 = KP_Subtract     
	shift	keycode  74 = U+2212          
	altgr	keycode  74 = U+2212          
	shift	altgr	keycode  74 = VoidSymbol      
	control	keycode  74 = VoidSymbol      
	shift	control	keycode  74 = VoidSymbol      
	altgr	control	keycode  74 = VoidSymbol      
	shift	altgr	control	keycode  74 = VoidSymbol      
	alt	keycode  74 = VoidSymbol      
	shift	alt	keycode  74 = VoidSymbol      
	altgr	alt	keycode  74 = VoidSymbol      
	shift	altgr	alt	keycode  74 = VoidSymbol      
	control	alt	keycode  74 = VoidSymbol      

plain	keycode  75 = KP_4            
	shift	keycode  75 = KP_4            
	altgr	keycode  75 = U+2190          
	shift	altgr	keycode  75 = U+21d0          
	control	keycode  75 = VoidSymbol      
	shift	control	keycode  75 = VoidSymbol      
	altgr	control	keycode  75 = VoidSymbol      
	shift	altgr	control	keycode  75 = VoidSymbol      
	alt	keycode  75 = VoidSymbol      
	shift	alt	keycode  75 = VoidSymbol      
	altgr	alt	keycode  75 = VoidSymbol      
	shift	altgr	alt	keycode  75 = VoidSymbol      
	control	alt	keycode  75 = VoidSymbol      

plain	keycode  76 = KP_5            
	shift	keycode  76 = KP_5            
	altgr	keycode  76 = U+2194          
	shift	altgr	keycode  76 = U+21d4          
	control	keycode  76 = VoidSymbol      
	shift	control	keycode  76 = VoidSymbol      
	altgr	control	keycode  76 = VoidSymbol      
	shift	altgr	control	keycode  76 = VoidSymbol      
	alt	keycode  76 = VoidSymbol      
	shift	alt	keycode  76 = VoidSymbol      
	altgr	alt	keycode  76 = VoidSymbol      
	shift	altgr	alt	keycode  76 = VoidSymbol      
	control	alt	keycode  76 = VoidSymbol      

plain	keycode  77 = KP_6            
	shift	keycode  77 = KP_6            
	altgr	keycode  77 = U+2192          
	shift	altgr	keycode  77 = U+21d2          
	control	keycode  77 = VoidSymbol      
	shift	control	keycode  77 = VoidSymbol      
	altgr	control	keycode  77 = VoidSymbol      
	shift	altgr	control	keycode  77 = VoidSymbol      
	alt	keycode  77 = VoidSymbol      
	shift	alt	keycode  77 = VoidSymbol      
	altgr	alt	keycode  77 = VoidSymbol      
	shift	altgr	alt	keycode  77 = VoidSymbol      
	control	alt	keycode  77 = VoidSymbol      

plain	keycode  78 = KP_Add          
	shift	keycode  78 = +plus           
	altgr	keycode  78 = plus            
	shift	altgr	keycode  78 = VoidSymbol      
	control	keycode  78 = VoidSymbol      
	shift	control	keycode  78 = VoidSymbol      
	altgr	control	keycode  78 = VoidSymbol      
	shift	altgr	control	keycode  78 = VoidSymbol      
	alt	keycode  78 = VoidSymbol      
	shift	alt	keycode  78 = VoidSymbol      
	altgr	alt	keycode  78 = VoidSymbol      
	shift	altgr	alt	keycode  78 = VoidSymbol      
	control	alt	keycode  78 = VoidSymbol      

plain	keycode  79 = KP_1            
	shift	keycode  79 = KP_1            
	altgr	keycode  79 = U+2199          
	shift	altgr	keycode  79 = U+21d9          
	control	keycode  79 = VoidSymbol      
	shift	control	keycode  79 = VoidSymbol      
	altgr	control	keycode  79 = VoidSymbol      
	shift	altgr	control	keycode  79 = VoidSymbol      
	alt	keycode  79 = VoidSymbol      
	shift	alt	keycode  79 = VoidSymbol      
	altgr	alt	keycode  79 = VoidSymbol      
	shift	altgr	alt	keycode  79 = VoidSymbol      
	control	alt	keycode  79 = VoidSymbol      

plain	keycode  80 = KP_2            
	shift	keycode  80 = KP_2            
	altgr	keycode  80 = U+2193          
	shift	altgr	keycode  80 = U+21d3          
	control	keycode  80 = VoidSymbol      
	shift	control	keycode  80 = VoidSymbol      
	altgr	control	keycode  80 = VoidSymbol      
	shift	altgr	control	keycode  80 = VoidSymbol      
	alt	keycode  80 = VoidSymbol      
	shift	alt	keycode  80 = VoidSymbol      
	altgr	alt	keycode  80 = VoidSymbol      
	shift	altgr	alt	keycode  80 = VoidSymbol      
	control	alt	keycode  80 = VoidSymbol      

plain	keycode  81 = KP_3            
	shift	keycode  81 = KP_3            
	altgr	keycode  81 = U+2198          
	shift	altgr	keycode  81 = U+21d8          
	control	keycode  81 = VoidSymbol      
	shift	control	keycode  81 = VoidSymbol      
	altgr	control	keycode  81 = VoidSymbol      
	shift	altgr	control	keycode  81 = VoidSymbol      
	alt	keycode  81 = VoidSymbol      
	shift	alt	keycode  81 = VoidSymbol      
	altgr	alt	keycode  81 = VoidSymbol      
	shift	altgr	alt	keycode  81 = VoidSymbol      
	control	alt	keycode  81 = VoidSymbol      

plain	keycode  82 = KP_0            
	shift	keycode  82 = KP_0            
	altgr	keycode  82 = U+2195          
	shift	altgr	keycode  82 = U+21d5          
	control	keycode  82 = VoidSymbol      
	shift	control	keycode  82 = VoidSymbol      
	altgr	control	keycode  82 = VoidSymbol      
	shift	altgr	control	keycode  82 = VoidSymbol      
	alt	keycode  82 = VoidSymbol      
	shift	alt	keycode  82 = VoidSymbol      
	altgr	alt	keycode  82 = VoidSymbol      
	shift	altgr	alt	keycode  82 = VoidSymbol      
	control	alt	keycode  82 = VoidSymbol      

plain	keycode  83 = +period         
	shift	keycode  83 = +period         
	altgr	keycode  83 = comma           
	shift	altgr	keycode  83 = U+202f          
	control	keycode  83 = VoidSymbol      
	shift	control	keycode  83 = VoidSymbol      
	altgr	control	keycode  83 = VoidSymbol      
	shift	altgr	control	keycode  83 = VoidSymbol      
	alt	keycode  83 = VoidSymbol      
	shift	alt	keycode  83 = VoidSymbol      
	altgr	alt	keycode  83 = VoidSymbol      
	shift	altgr	alt	keycode  83 = VoidSymbol      
	control	alt	keycode  83 = VoidSymbol      

plain	keycode  84 = AltGr           
	shift	keycode  84 = VoidSymbol      
	altgr	keycode  84 = VoidSymbol      
	shift	altgr	keycode  84 = VoidSymbol      
	control	keycode  84 = VoidSymbol      
	shift	control	keycode  84 = VoidSymbol      
	altgr	control	keycode  84 = VoidSymbol      
	shift	altgr	control	keycode  84 = VoidSymbol      
	alt	keycode  84 = VoidSymbol      
	shift	alt	keycode  84 = VoidSymbol      
	altgr	alt	keycode  84 = VoidSymbol      
	shift	altgr	alt	keycode  84 = VoidSymbol      
	control	alt	keycode  84 = VoidSymbol      

plain	keycode  86 = +ecircumflex    
	shift	keycode  86 = +Ecircumflex    
	altgr	keycode  86 = slash           
	shift	altgr	keycode  86 = +brokenbar      
	control	keycode  86 = VoidSymbol      
	shift	control	keycode  86 = VoidSymbol      
	altgr	control	keycode  86 = VoidSymbol      
	shift	altgr	control	keycode  86 = VoidSymbol      
	alt	keycode  86 = VoidSymbol      
	shift	alt	keycode  86 = VoidSymbol      
	altgr	alt	keycode  86 = VoidSymbol      
	shift	altgr	alt	keycode  86 = VoidSymbol      
	control	alt	keycode  86 = VoidSymbol      

plain	keycode  87 = F11             
	shift	keycode  87 = F11             
	altgr	keycode  87 = F11             
	shift	altgr	keycode  87 = F11             
	control	keycode  87 = VoidSymbol      
	shift	control	keycode  87 = VoidSymbol      
	altgr	control	keycode  87 = VoidSymbol      
	shift	altgr	control	keycode  87 = VoidSymbol      
	alt	keycode  87 = VoidSymbol      
	shift	alt	keycode  87 = VoidSymbol      
	altgr	alt	keycode  87 = VoidSymbol      
	shift	altgr	alt	keycode  87 = VoidSymbol      
	control	alt	keycode  87 = Console_11      

plain	keycode  88 = F12             
	shift	keycode  88 = F12             
	altgr	keycode  88 = F12             
	shift	altgr	keycode  88 = F12             
	control	keycode  88 = VoidSymbol      
	shift	control	keycode  88 = VoidSymbol      
	altgr	control	keycode  88 = VoidSymbol      
	shift	altgr	control	keycode  88 = VoidSymbol      
	alt	keycode  88 = VoidSymbol      
	shift	alt	keycode  88 = VoidSymbol      
	altgr	alt	keycode  88 = VoidSymbol      
	shift	altgr	alt	keycode  88 = VoidSymbol      
	control	alt	keycode  88 = Console_12      

plain	keycode  96 = KP_Enter        
	shift	keycode  96 = VoidSymbol      
	altgr	keycode  96 = VoidSymbol      
	shift	altgr	keycode  96 = VoidSymbol      
	control	keycode  96 = VoidSymbol      
	shift	control	keycode  96 = VoidSymbol      
	altgr	control	keycode  96 = VoidSymbol      
	shift	altgr	control	keycode  96 = VoidSymbol      
	alt	keycode  96 = VoidSymbol      
	shift	alt	keycode  96 = VoidSymbol      
	altgr	alt	keycode  96 = VoidSymbol      
	shift	altgr	alt	keycode  96 = VoidSymbol      
	control	alt	keycode  96 = VoidSymbol      

plain	keycode  97 = Control         
	shift	keycode  97 = VoidSymbol      
	altgr	keycode  97 = VoidSymbol      
	shift	altgr	keycode  97 = VoidSymbol      
	control	keycode  97 = VoidSymbol      
	shift	control	keycode  97 = VoidSymbol      
	altgr	control	keycode  97 = VoidSymbol      
	shift	altgr	control	keycode  97 = VoidSymbol      
	alt	keycode  97 = VoidSymbol      
	shift	alt	keycode  97 = VoidSymbol      
	altgr	alt	keycode  97 = VoidSymbol      
	shift	altgr	alt	keycode  97 = VoidSymbol      
	control	alt	keycode  97 = VoidSymbol      

plain	keycode  98 = KP_Divide       
	shift	keycode  98 = U+2215          
	altgr	keycode  98 = division        
	shift	altgr	keycode  98 = VoidSymbol      
	control	keycode  98 = VoidSymbol      
	shift	control	keycode  98 = VoidSymbol      
	altgr	control	keycode  98 = VoidSymbol      
	shift	altgr	control	keycode  98 = VoidSymbol      
	alt	keycode  98 = VoidSymbol      
	shift	alt	keycode  98 = VoidSymbol      
	altgr	alt	keycode  98 = VoidSymbol      
	shift	altgr	alt	keycode  98 = VoidSymbol      
	control	alt	keycode  98 = VoidSymbol      

plain	keycode  99 = +Control_backslash
	shift	keycode  99 = VoidSymbol      
	altgr	keycode  99 = VoidSymbol      
	shift	altgr	keycode  99 = VoidSymbol      
	control	keycode  99 = VoidSymbol      
	shift	control	keycode  99 = VoidSymbol      
	altgr	control	keycode  99 = VoidSymbol      
	shift	altgr	control	keycode  99 = VoidSymbol      
	alt	keycode  99 = Last_Console    
	shift	alt	keycode  99 = VoidSymbol      
	altgr	alt	keycode  99 = VoidSymbol      
	shift	altgr	alt	keycode  99 = VoidSymbol      
	control	alt	keycode  99 = VoidSymbol      

plain	keycode 100 = AltGr           
	shift	keycode 100 = VoidSymbol      
	altgr	keycode 100 = VoidSymbol      
	shift	altgr	keycode 100 = VoidSymbol      
	control	keycode 100 = VoidSymbol      
	shift	control	keycode 100 = VoidSymbol      
	altgr	control	keycode 100 = VoidSymbol      
	shift	altgr	control	keycode 100 = VoidSymbol      
	alt	keycode 100 = VoidSymbol      
	shift	alt	keycode 100 = VoidSymbol      
	altgr	alt	keycode 100 = VoidSymbol      
	shift	altgr	alt	keycode 100 = VoidSymbol      
	control	alt	keycode 100 = VoidSymbol      

plain	keycode 101 = +Linefeed       
	shift	keycode 101 = VoidSymbol      
	altgr	keycode 101 = VoidSymbol      
	shift	altgr	keycode 101 = VoidSymbol      
	control	keycode 101 = VoidSymbol      
	shift	control	keycode 101 = VoidSymbol      
	altgr	control	keycode 101 = VoidSymbol      
	shift	altgr	control	keycode 101 = VoidSymbol      
	alt	keycode 101 = Meta_Linefeed   
	shift	alt	keycode 101 = VoidSymbol      
	altgr	alt	keycode 101 = VoidSymbol      
	shift	altgr	alt	keycode 101 = VoidSymbol      
	control	alt	keycode 101 = VoidSymbol      

plain	keycode 102 = Find            
	shift	keycode 102 = VoidSymbol      
	altgr	keycode 102 = VoidSymbol      
	shift	altgr	keycode 102 = VoidSymbol      
	control	keycode 102 = VoidSymbol      
	shift	control	keycode 102 = VoidSymbol      
	altgr	control	keycode 102 = VoidSymbol      
	shift	altgr	control	keycode 102 = VoidSymbol      
	alt	keycode 102 = VoidSymbol      
	shift	alt	keycode 102 = VoidSymbol      
	altgr	alt	keycode 102 = VoidSymbol      
	shift	altgr	alt	keycode 102 = VoidSymbol      
	control	alt	keycode 102 = VoidSymbol      

plain	keycode 103 = Up              
	shift	keycode 103 = VoidSymbol      
	altgr	keycode 103 = VoidSymbol      
	shift	altgr	keycode 103 = VoidSymbol      
	control	keycode 103 = VoidSymbol      
	shift	control	keycode 103 = VoidSymbol      
	altgr	control	keycode 103 = VoidSymbol      
	shift	altgr	control	keycode 103 = VoidSymbol      
	alt	keycode 103 = VoidSymbol      
	shift	alt	keycode 103 = VoidSymbol      
	altgr	alt	keycode 103 = VoidSymbol      
	shift	altgr	alt	keycode 103 = VoidSymbol      
	control	alt	keycode 103 = VoidSymbol      

plain	keycode 104 = Prior           
	shift	keycode 104 = VoidSymbol      
	altgr	keycode 104 = VoidSymbol      
	shift	altgr	keycode 104 = VoidSymbol      
	control	keycode 104 = VoidSymbol      
	shift	control	keycode 104 = VoidSymbol      
	altgr	control	keycode 104 = VoidSymbol      
	shift	altgr	control	keycode 104 = VoidSymbol      
	alt	keycode 104 = VoidSymbol      
	shift	alt	keycode 104 = VoidSymbol      
	altgr	alt	keycode 104 = VoidSymbol      
	shift	altgr	alt	keycode 104 = VoidSymbol      
	control	alt	keycode 104 = VoidSymbol      

plain	keycode 105 = Left            
	shift	keycode 105 = VoidSymbol      
	altgr	keycode 105 = VoidSymbol      
	shift	altgr	keycode 105 = VoidSymbol      
	control	keycode 105 = VoidSymbol      
	shift	control	keycode 105 = VoidSymbol      
	altgr	control	keycode 105 = VoidSymbol      
	shift	altgr	control	keycode 105 = VoidSymbol      
	alt	keycode 105 = VoidSymbol      
	shift	alt	keycode 105 = VoidSymbol      
	altgr	alt	keycode 105 = VoidSymbol      
	shift	altgr	alt	keycode 105 = VoidSymbol      
	control	alt	keycode 105 = VoidSymbol      

plain	keycode 106 = Right           
	shift	keycode 106 = VoidSymbol      
	altgr	keycode 106 = VoidSymbol      
	shift	altgr	keycode 106 = VoidSymbol      
	control	keycode 106 = VoidSymbol      
	shift	control	keycode 106 = VoidSymbol      
	altgr	control	keycode 106 = VoidSymbol      
	shift	altgr	control	keycode 106 = VoidSymbol      
	alt	keycode 106 = VoidSymbol      
	shift	alt	keycode 106 = VoidSymbol      
	altgr	alt	keycode 106 = VoidSymbol      
	shift	altgr	alt	keycode 106 = VoidSymbol      
	control	alt	keycode 106 = VoidSymbol      

plain	keycode 107 = Select          
	shift	keycode 107 = VoidSymbol      
	altgr	keycode 107 = VoidSymbol      
	shift	altgr	keycode 107 = VoidSymbol      
	control	keycode 107 = VoidSymbol      
	shift	control	keycode 107 = VoidSymbol      
	altgr	control	keycode 107 = VoidSymbol      
	shift	altgr	control	keycode 107 = VoidSymbol      
	alt	keycode 107 = VoidSymbol      
	shift	alt	keycode 107 = VoidSymbol      
	altgr	alt	keycode 107 = VoidSymbol      
	shift	altgr	alt	keycode 107 = VoidSymbol      
	control	alt	keycode 107 = VoidSymbol      

plain	keycode 108 = Down            
	shift	keycode 108 = VoidSymbol      
	altgr	keycode 108 = VoidSymbol      
	shift	altgr	keycode 108 = VoidSymbol      
	control	keycode 108 = VoidSymbol      
	shift	control	keycode 108 = VoidSymbol      
	altgr	control	keycode 108 = VoidSymbol      
	shift	altgr	control	keycode 108 = VoidSymbol      
	alt	keycode 108 = VoidSymbol      
	shift	alt	keycode 108 = VoidSymbol      
	altgr	alt	keycode 108 = VoidSymbol      
	shift	altgr	alt	keycode 108 = VoidSymbol      
	control	alt	keycode 108 = VoidSymbol      

plain	keycode 109 = Next            
	shift	keycode 109 = VoidSymbol      
	altgr	keycode 109 = VoidSymbol      
	shift	altgr	keycode 109 = VoidSymbol      
	control	keycode 109 = VoidSymbol      
	shift	control	keycode 109 = VoidSymbol      
	altgr	control	keycode 109 = VoidSymbol      
	shift	altgr	control	keycode 109 = VoidSymbol      
	alt	keycode 109 = VoidSymbol      
	shift	alt	keycode 109 = VoidSymbol      
	altgr	alt	keycode 109 = VoidSymbol      
	shift	altgr	alt	keycode 109 = VoidSymbol      
	control	alt	keycode 109 = VoidSymbol      

plain	keycode 110 = Insert          
	shift	keycode 110 = VoidSymbol      
	altgr	keycode 110 = VoidSymbol      
	shift	altgr	keycode 110 = VoidSymbol      
	control	keycode 110 = VoidSymbol      
	shift	control	keycode 110 = VoidSymbol      
	altgr	control	keycode 110 = VoidSymbol      
	shift	altgr	control	keycode 110 = VoidSymbol      
	alt	keycode 110 = VoidSymbol      
	shift	alt	keycode 110 = VoidSymbol      
	altgr	alt	keycode 110 = VoidSymbol      
	shift	altgr	alt	keycode 110 = VoidSymbol      
	control	alt	keycode 110 = VoidSymbol      

plain	keycode 111 = +Delete         
	shift	keycode 111 = VoidSymbol      
	altgr	keycode 111 = VoidSymbol      
	shift	altgr	keycode 111 = VoidSymbol      
	control	keycode 111 = VoidSymbol      
	shift	control	keycode 111 = VoidSymbol      
	altgr	control	keycode 111 = VoidSymbol      
	shift	altgr	control	keycode 111 = VoidSymbol      
	alt	keycode 111 = Meta_Delete     
	shift	alt	keycode 111 = VoidSymbol      
	altgr	alt	keycode 111 = VoidSymbol      
	shift	altgr	alt	keycode 111 = VoidSymbol      
	control	alt	keycode 111 = VoidSymbol      

plain	keycode 117 = +equal          
	shift	keycode 117 = VoidSymbol      
	altgr	keycode 117 = VoidSymbol      
	shift	altgr	keycode 117 = VoidSymbol      
	control	keycode 117 = VoidSymbol      
	shift	control	keycode 117 = VoidSymbol      
	altgr	control	keycode 117 = VoidSymbol      
	shift	altgr	control	keycode 117 = VoidSymbol      
	alt	keycode 117 = Meta_equal      
	shift	alt	keycode 117 = VoidSymbol      
	altgr	alt	keycode 117 = VoidSymbol      
	shift	altgr	alt	keycode 117 = VoidSymbol      
	control	alt	keycode 117 = VoidSymbol      

plain	keycode 118 = +plusminus      
	shift	keycode 118 = VoidSymbol      
	altgr	keycode 118 = VoidSymbol      
	shift	altgr	keycode 118 = VoidSymbol      
	control	keycode 118 = VoidSymbol      
	shift	control	keycode 118 = VoidSymbol      
	altgr	control	keycode 118 = VoidSymbol      
	shift	altgr	control	keycode 118 = VoidSymbol      
	alt	keycode 118 = VoidSymbol      
	shift	alt	keycode 118 = VoidSymbol      
	altgr	alt	keycode 118 = VoidSymbol      
	shift	altgr	alt	keycode 118 = VoidSymbol      
	control	alt	keycode 118 = VoidSymbol      

plain	keycode 119 = Pause           
	shift	keycode 119 = VoidSymbol      
	altgr	keycode 119 = VoidSymbol      
	shift	altgr	keycode 119 = VoidSymbol      
	control	keycode 119 = Break           
	shift	control	keycode 119 = VoidSymbol      
	altgr	control	keycode 119 = VoidSymbol      
	shift	altgr	control	keycode 119 = VoidSymbol      
	alt	keycode 119 = VoidSymbol      
	shift	alt	keycode 119 = VoidSymbol      
	altgr	alt	keycode 119 = VoidSymbol      
	shift	altgr	alt	keycode 119 = VoidSymbol      
	control	alt	keycode 119 = VoidSymbol      

plain	keycode 121 = KP_Comma        
	shift	keycode 121 = KP_Comma        
	altgr	keycode 121 = VoidSymbol      
	shift	altgr	keycode 121 = VoidSymbol      
	control	keycode 121 = VoidSymbol      
	shift	control	keycode 121 = VoidSymbol      
	altgr	control	keycode 121 = VoidSymbol      
	shift	altgr	control	keycode 121 = VoidSymbol      
	alt	keycode 121 = VoidSymbol      
	shift	alt	keycode 121 = VoidSymbol      
	altgr	alt	keycode 121 = VoidSymbol      
	shift	altgr	alt	keycode 121 = VoidSymbol      
	control	alt	keycode 121 = VoidSymbol      

plain	keycode 125 = Alt             
	shift	keycode 125 = VoidSymbol      
	altgr	keycode 125 = VoidSymbol      
	shift	altgr	keycode 125 = VoidSymbol      
	control	keycode 125 = VoidSymbol      
	shift	control	keycode 125 = VoidSymbol      
	altgr	control	keycode 125 = VoidSymbol      
	shift	altgr	control	keycode 125 = VoidSymbol      
	alt	keycode 125 = VoidSymbol      
	shift	alt	keycode 125 = VoidSymbol      
	altgr	alt	keycode 125 = VoidSymbol      
	shift	altgr	alt	keycode 125 = VoidSymbol      
	control	alt	keycode 125 = VoidSymbol      

plain	keycode 126 = Alt             
	shift	keycode 126 = VoidSymbol      
	altgr	keycode 126 = VoidSymbol      
	shift	altgr	keycode 126 = VoidSymbol      
	control	keycode 126 = VoidSymbol      
	shift	control	keycode 126 = VoidSymbol      
	altgr	control	keycode 126 = VoidSymbol      
	shift	altgr	control	keycode 126 = VoidSymbol      
	alt	keycode 126 = VoidSymbol      
	shift	alt	keycode 126 = VoidSymbol      
	altgr	alt	keycode 126 = VoidSymbol      
	shift	altgr	alt	keycode 126 = VoidSymbol      
	control	alt	keycode 126 = VoidSymbol      

plain	keycode 136 = Find            
	shift	keycode 136 = VoidSymbol      
	altgr	keycode 136 = VoidSymbol      
	shift	altgr	keycode 136 = VoidSymbol      
	control	keycode 136 = VoidSymbol      
	shift	control	keycode 136 = VoidSymbol      
	altgr	control	keycode 136 = VoidSymbol      
	shift	altgr	control	keycode 136 = VoidSymbol      
	alt	keycode 136 = VoidSymbol      
	shift	alt	keycode 136 = VoidSymbol      
	altgr	alt	keycode 136 = VoidSymbol      
	shift	altgr	alt	keycode 136 = VoidSymbol      
	control	alt	keycode 136 = VoidSymbol      

plain	keycode 138 = Help            
	shift	keycode 138 = VoidSymbol      
	altgr	keycode 138 = VoidSymbol      
	shift	altgr	keycode 138 = VoidSymbol      
	control	keycode 138 = VoidSymbol      
	shift	control	keycode 138 = VoidSymbol      
	altgr	control	keycode 138 = VoidSymbol      
	shift	altgr	control	keycode 138 = VoidSymbol      
	alt	keycode 138 = VoidSymbol      
	shift	alt	keycode 138 = VoidSymbol      
	altgr	alt	keycode 138 = VoidSymbol      
	shift	altgr	alt	keycode 138 = VoidSymbol      
	control	alt	keycode 138 = VoidSymbol      

plain	keycode 179 = +parenleft      
	shift	keycode 179 = VoidSymbol      
	altgr	keycode 179 = VoidSymbol      
	shift	altgr	keycode 179 = VoidSymbol      
	control	keycode 179 = VoidSymbol      
	shift	control	keycode 179 = VoidSymbol      
	altgr	control	keycode 179 = VoidSymbol      
	shift	altgr	control	keycode 179 = VoidSymbol      
	alt	keycode 179 = Meta_parenleft  
	shift	alt	keycode 179 = VoidSymbol      
	altgr	alt	keycode 179 = VoidSymbol      
	shift	altgr	alt	keycode 179 = VoidSymbol      
	control	alt	keycode 179 = VoidSymbol      

plain	keycode 180 = +parenright     
	shift	keycode 180 = VoidSymbol      
	altgr	keycode 180 = VoidSymbol      
	shift	altgr	keycode 180 = VoidSymbol      
	control	keycode 180 = VoidSymbol      
	shift	control	keycode 180 = VoidSymbol      
	altgr	control	keycode 180 = VoidSymbol      
	shift	altgr	control	keycode 180 = VoidSymbol      
	alt	keycode 180 = Meta_parenright 
	shift	alt	keycode 180 = VoidSymbol      
	altgr	alt	keycode 180 = VoidSymbol      
	shift	altgr	alt	keycode 180 = VoidSymbol      
	control	alt	keycode 180 = VoidSymbol      

plain	keycode 195 = AltGr           
	shift	keycode 195 = VoidSymbol      
	altgr	keycode 195 = VoidSymbol      
	shift	altgr	keycode 195 = VoidSymbol      
	control	keycode 195 = VoidSymbol      
	shift	control	keycode 195 = VoidSymbol      
	altgr	control	keycode 195 = VoidSymbol      
	shift	altgr	control	keycode 195 = VoidSymbol      
	alt	keycode 195 = VoidSymbol      
	shift	alt	keycode 195 = VoidSymbol      
	altgr	alt	keycode 195 = VoidSymbol      
	shift	altgr	alt	keycode 195 = VoidSymbol      
	control	alt	keycode 195 = VoidSymbol      

plain	keycode 196 = VoidSymbol      
	shift	keycode 196 = Alt             
	altgr	keycode 196 = VoidSymbol      
	shift	altgr	keycode 196 = VoidSymbol      
	control	keycode 196 = VoidSymbol      
	shift	control	keycode 196 = VoidSymbol      
	altgr	control	keycode 196 = VoidSymbol      
	shift	altgr	control	keycode 196 = VoidSymbol      
	alt	keycode 196 = VoidSymbol      
	shift	alt	keycode 196 = VoidSymbol      
	altgr	alt	keycode 196 = VoidSymbol      
	shift	altgr	alt	keycode 196 = VoidSymbol      
	control	alt	keycode 196 = VoidSymbol      

plain	keycode 197 = VoidSymbol      
	shift	keycode 197 = Alt             
	altgr	keycode 197 = VoidSymbol      
	shift	altgr	keycode 197 = VoidSymbol      
	control	keycode 197 = VoidSymbol      
	shift	control	keycode 197 = VoidSymbol      
	altgr	control	keycode 197 = VoidSymbol      
	shift	altgr	control	keycode 197 = VoidSymbol      
	alt	keycode 197 = VoidSymbol      
	shift	alt	keycode 197 = VoidSymbol      
	altgr	alt	keycode 197 = VoidSymbol      
	shift	altgr	alt	keycode 197 = VoidSymbol      
	control	alt	keycode 197 = VoidSymbol      

plain	keycode 198 = VoidSymbol      
	shift	keycode 198 = Alt             
	altgr	keycode 198 = VoidSymbol      
	shift	altgr	keycode 198 = VoidSymbol      
	control	keycode 198 = VoidSymbol      
	shift	control	keycode 198 = VoidSymbol      
	altgr	control	keycode 198 = VoidSymbol      
	shift	altgr	control	keycode 198 = VoidSymbol      
	alt	keycode 198 = VoidSymbol      
	shift	alt	keycode 198 = VoidSymbol      
	altgr	alt	keycode 198 = VoidSymbol      
	shift	altgr	alt	keycode 198 = VoidSymbol      
	control	alt	keycode 198 = VoidSymbol      

plain	keycode 199 = VoidSymbol      
	shift	keycode 199 = Alt             
	altgr	keycode 199 = VoidSymbol      
	shift	altgr	keycode 199 = VoidSymbol      
	control	keycode 199 = VoidSymbol      
	shift	control	keycode 199 = VoidSymbol      
	altgr	control	keycode 199 = VoidSymbol      
	shift	altgr	control	keycode 199 = VoidSymbol      
	alt	keycode 199 = VoidSymbol      
	shift	alt	keycode 199 = VoidSymbol      
	altgr	alt	keycode 199 = VoidSymbol      
	shift	altgr	alt	keycode 199 = VoidSymbol      
	control	alt	keycode 199 = VoidSymbol      

plain	keycode 210 = +Control_backslash
	shift	keycode 210 = VoidSymbol      
	altgr	keycode 210 = VoidSymbol      
	shift	altgr	keycode 210 = VoidSymbol      
	control	keycode 210 = VoidSymbol      
	shift	control	keycode 210 = VoidSymbol      
	altgr	control	keycode 210 = VoidSymbol      
	shift	altgr	control	keycode 210 = VoidSymbol      
	alt	keycode 210 = Meta_Control_backslash
	shift	alt	keycode 210 = VoidSymbol      
	altgr	alt	keycode 210 = VoidSymbol      
	shift	altgr	alt	keycode 210 = VoidSymbol      
	control	alt	keycode 210 = VoidSymbol      

compose ' ' ' ' to grave
compose '' 'æ' to F244
compose '' '' to acute
compose '' '' to serbocroatian_cyrillic_capital_letter_dje
compose '' '
' to U+d07a
compose '' ' ' to U+d070
compose '' '' to onesuperior
compose '' '' to twosuperior
compose '' '' to threesuperior
compose '' '' to U+d074
compose '' '' to U+d075
compose '' '' to U+d076
compose '' '' to U+d077
compose '' '' to U+d078
compose '' '	' to U+d079
compose '' '' to U+d07b
compose '' '<' to U+d272
compose '' '>' to U+d273
compose '' '' to asciitilde
compose '' 'æ' to F218
compose '' '' to macron
compose '' '' to U+f2d8
compose '' '' to U+f2d9
compose '' '' to U+ee9b
compose '' 'ù' to F211
compose '' '' to diaeresis
compose '	' '	' to degree
compose '' '' to U+f2dd
compose '' '' to U+f2c7
compose '' '' to cedilla
compose '' '' to U+f2db
compose '' '' to U+f323
compose '' '' to KP_9
compose '' 'Y' to U+f25a
compose '' 'ù' to U+eeeb
compose '' '' to U+f31b
compose '' '<' to U+d26e
compose '' '>' to U+d26f
compose '' 'd' to U+d270
compose '' 'e' to U+d271
compose '' '' to slash
compose '' '' to comma
compose '' 'þ' to U+f9f2
compose '' '' to currency
compose '' '' to mu
