# encoding "UTF-8"
# lv-tilde.map

include "lv.map"

keycode  40 = apostrophe       quotedbl         U+201C           U+201E           Control_g
keycode  41 = dead_grave       asciitilde       grave            U+0084           grave                   asciitilde            grave            grave

compose '`' '`' to '`'

compose '`' 'E' to U+0112  #  Ē  LATIN CAPITAL LETTER E WITH MACRON
compose '`' 'e' to U+0113  #  ē  LATIN SMALL LETTER E WITH MACRON
compose '`' 'R' to U+0156  #  Ŗ  LATIN CAPITAL LETTER R WITH CEDILLA
compose '`' 'r' to U+0157  #  ŗ  LATIN SMALL LETTER R WITH CEDILLA
compose '`' 'U' to U+016A  #  Ū  LATIN CAPITAL LETTER U WITH MACRON
compose '`' 'u' to U+016B  #  ū  LATIN SMALL LETTER U WITH MACRON
compose '`' 'I' to U+012A  #  Ī  LATIN CAPITAL LETTER I WITH MACRON
compose '`' 'i' to U+012B  #  ī  LATIN SMALL LETTER I WITH MACRON
compose '`' 'O' to U+014C  #  Ō  LATIN CAPITAL LETTER O WITH MACRON
compose '`' 'o' to U+014D  #  ō  LATIN SMALL LETTER O WITH MACRON

compose '`' 'A' to U+0100  #  Ā  LATIN CAPITAL LETTER A WITH MACRON
compose '`' 'a' to U+0101  #  ā  LATIN SMALL LETTER A WITH MACRON
compose '`' 'S' to U+0160  #  Š  LATIN CAPITAL LETTER S WITH CARON
compose '`' 's' to U+0161  #  š  LATIN SMALL LETTER S WITH CARON
compose '`' 'G' to U+0122  #  Ģ  LATIN CAPITAL LETTER G WITH CEDILLA
compose '`' 'g' to U+0123  #  ģ  LATIN SMALL LETTER G WITH CEDILLA
compose '`' 'K' to U+0136  #  Ķ  LATIN CAPITAL LETTER K WITH CEDILLA
compose '`' 'k' to U+0137  #  ķ  LATIN SMALL LETTER K WITH CEDILLA
compose '`' 'L' to U+013B  #  Ļ  LATIN CAPITAL LETTER L WITH CEDILLA
compose '`' 'l' to U+013C  #  ļ  LATIN SMALL LETTER L WITH CEDILLA

compose '`' 'Z' to U+017D  #  Ž  LATIN CAPITAL LETTER Z WITH CARON
compose '`' 'z' to U+017E  #  ž  LATIN SMALL LETTER Z WITH CARON
compose '`' 'C' to U+010C  #  Č  LATIN CAPITAL LETTER C WITH CARON
compose '`' 'c' to U+010D  #  č  LATIN SMALL LETTER C WITH CARON
compose '`' 'N' to U+0145  #  Ņ  LATIN CAPITAL LETTER N WITH CEDILLA
compose '`' 'n' to U+0146  #  ņ  LATIN SMALL LETTER N WITH CEDILLA
